python : Traceback (most recent 
call last):
At line:1 char:43
+ ... vate.ps1; cd backend; python 
test_bay_logic.py > 
test_output.txt 2>&1
+                           ~~~~~~~
~~~~~~~~~~~~~~~~~~~~~~~~~~~~~~~~~~~
~~~~~
    + CategoryInfo          : NotS 
   pecified: (Traceback (most rec  
  ent call last)::String) [], Re   
 moteException
    + FullyQualifiedErrorId : Nati 
   veCommandError
 
  File "C:\Users\userd\OneDrive\Des
ktop\SGL\backend\test_bay_logic.py"
, line 13, in <module>
    from core.models import User, 
Station, Role, UserRole, Vehicle, 
Driver
ImportError: cannot import name 
'Vehicle' from 'core.models' (C:\Us
ers\userd\OneDrive\Desktop\SGL\back
end\core\models.py)
Sentry is attempting to send 2 
pending events
Waiting up to 2 seconds
Press Ctrl-Break to quit
